// Jest Snapshot v1, https://goo.gl/fbAQLP

exports[`matches snapshot 1`] = `
<DocumentFragment>
  <div
    class="container col-md-6 offset-md-3 col-lg-4 offset-lg-4"
  >
    <div
      class="card"
    >
      <div
        class="card-body"
      >
        <form>
          <div
            class="form-group"
          >
            <label>
              Username
            </label>
            <p
              class="form-control-plaintext"
            >
              test
            </p>
          </div>
          <div
            class="form-group"
          >
            <label>
              First name
            </label>
            <input
              class="form-control"
              name="first_name"
              value="test"
            />
          </div>
          <div
            class="form-group"
          >
            <label>
              Last name
            </label>
            <input
              class="form-control"
              name="last_name"
              value="mctest"
            />
          </div>
          <div
            class="form-group"
          >
            <label>
              Email
            </label>
            <input
              class="form-control"
              name="email"
              type="email"
              value="test@test.net"
            />
          </div>
          <div
            class="form-group"
          >
            <label>
              Photo URL
            </label>
            <input
              class="form-control"
              name="photo_url"
              type="photo_url"
              value=""
            />
          </div>
          <div
            class="form-group"
          >
            <label>
              Re-enter Password
            </label>
            <input
              class="form-control"
              name="password"
              type="password"
              value=""
            />
          </div>
          <button
            class="btn btn-primary btn-block mt-4"
            type="submit"
          >
            Save Changes
          </button>
        </form>
      </div>
    </div>
  </div>
</DocumentFragment>
`;
